// Jest Snapshot v1, https://goo.gl/fbAQLP

exports[`NavigationList component snapshots renders a valid snapshot 1`] = `
<DocumentFragment>
  <ul
    class="list"
    data-testid="header-navigation-list"
  >
    <a
      aria-current="page"
      class="link active"
      href="/"
    >
      home
    </a>
    <a
      class="link"
      href="/products"
    >
      products
    </a>
  </ul>
  <div
    class="Toastify"
  />
</DocumentFragment>
`;
