// Jest Snapshot v1, https://goo.gl/fbAQLP

exports[`CategoryFilter component snapshots renders a valid snapshot 1`] = `
<DocumentFragment>
  <div
    class="MuiFormControl-root css-16ojqud-MuiFormControl-root"
  >
    <label
      class="MuiInputLabel-root MuiInputLabel-formControl MuiInputLabel-animated MuiInputLabel-shrink MuiInputLabel-outlined MuiFormLabel-root MuiFormLabel-colorPrimary MuiFormLabel-filled css-1kty9di-MuiFormLabel-root-MuiInputLabel-root"
      data-shrink="true"
      for="uncontrolled-native"
    >
      Category
    </label>
    <div
      class="MuiOutlinedInput-root MuiInputBase-root MuiInputBase-colorPrimary MuiInputBase-formControl css-11gsl5e-MuiInputBase-root-MuiOutlinedInput-root"
      data-testid="select-category-input"
    >
      <div
        aria-expanded="false"
        aria-haspopup="listbox"
        aria-labelledby="mui-component-select-categories"
        class="MuiSelect-select MuiSelect-outlined MuiOutlinedInput-input MuiInputBase-input css-11u53oe-MuiSelect-select-MuiInputBase-input-MuiOutlinedInput-input"
        id="mui-component-select-categories"
        role="button"
        tabindex="0"
      >
        All categories
      </div>
      <input
        aria-hidden="true"
        class="MuiSelect-nativeInput css-yf8vq0-MuiSelect-nativeInput"
        id="uncontrolled-native"
        name="categories"
        tabindex="-1"
        value="All categories"
      />
      <svg
        aria-hidden="true"
        class="MuiSvgIcon-root MuiSvgIcon-fontSizeMedium MuiSelect-icon MuiSelect-iconOutlined css-hfutr2-MuiSvgIcon-root-MuiSelect-icon"
        data-testid="ArrowDropDownIcon"
        focusable="false"
        viewBox="0 0 24 24"
      >
        <path
          d="M7 10l5 5 5-5z"
        />
      </svg>
      <fieldset
        aria-hidden="true"
        class="MuiOutlinedInput-notchedOutline css-1d3z3hw-MuiOutlinedInput-notchedOutline"
      >
        <legend
          class="css-1z7n62"
        >
          <span>
            Category
          </span>
        </legend>
      </fieldset>
    </div>
  </div>
</DocumentFragment>
`;
