// Jest Snapshot v1, https://goo.gl/fbAQLP

exports[`Card component snapshots renders a valid snapshot with default shape 1`] = `
<DocumentFragment>
  <div
    class="MuiPaper-root MuiPaper-elevation MuiPaper-rounded MuiPaper-elevation1 MuiCard-root container css-bhp9pd-MuiPaper-root-MuiCard-root"
  >
    <img
      alt="Intelligent Cotton Pants"
      class="MuiCardMedia-root MuiCardMedia-media MuiCardMedia-img image css-o69gx8-MuiCardMedia-root"
      src="noImg.png"
    />
    <div
      class="MuiCardContent-root description css-46bh2p-MuiCardContent-root"
    >
      <a
        class="title"
        href="/products/0"
      >
        Intelligent Cotton Pants
      </a>
      <h6
        class="MuiTypography-root MuiTypography-subtitle2 category css-hav9kw-MuiTypography-root"
      >
        HOME
      </h6>
      <p
        class="MuiTypography-root MuiTypography-body2 date css-r40f8v-MuiTypography-root"
      >
        Created: 10.11.2021
      </p>
      <p
        class="MuiTypography-root MuiTypography-body2 date css-r40f8v-MuiTypography-root"
      >
        Updated: 24.11.2021
      </p>
    </div>
    <div
      class="MuiCardActions-root MuiCardActions-spacing price css-1t6e9jv-MuiCardActions-root"
    >
      <p
        class="MuiTypography-root MuiTypography-h5 css-ag7rrr-MuiTypography-root"
      >
        670 $
      </p>
      <button
        class="MuiButton-root MuiButton-contained MuiButton-containedPrimary MuiButton-sizeMedium MuiButton-containedSizeMedium MuiButtonBase-root button css-1758frj-MuiButtonBase-root-MuiButton-root"
        tabindex="0"
        type="button"
      >
        <span>
          + ADD TO CART
        </span>
        <span
          class="MuiTouchRipple-root css-8je8zh-MuiTouchRipple-root"
        />
      </button>
    </div>
  </div>
</DocumentFragment>
`;

exports[`Card component snapshots renders a valid snapshot with list shape 1`] = `
<DocumentFragment>
  <div
    class="MuiPaper-root MuiPaper-elevation MuiPaper-rounded MuiPaper-elevation1 MuiCard-root container css-bhp9pd-MuiPaper-root-MuiCard-root"
  >
    <img
      alt="Intelligent Cotton Pants"
      class="MuiCardMedia-root MuiCardMedia-media MuiCardMedia-img image css-o69gx8-MuiCardMedia-root"
      src="noImg.png"
    />
    <div
      class="MuiCardContent-root description css-46bh2p-MuiCardContent-root"
    >
      <a
        class="title"
        href="/products/0"
      >
        Intelligent Cotton Pants
      </a>
      <h6
        class="MuiTypography-root MuiTypography-subtitle2 category css-hav9kw-MuiTypography-root"
      >
        HOME
      </h6>
      <p
        class="MuiTypography-root MuiTypography-body2 date css-r40f8v-MuiTypography-root"
      >
        Created: 10.11.2021
      </p>
      <p
        class="MuiTypography-root MuiTypography-body2 date css-r40f8v-MuiTypography-root"
      >
        Updated: 24.11.2021
      </p>
    </div>
    <div
      class="MuiCardActions-root MuiCardActions-spacing price css-1t6e9jv-MuiCardActions-root"
    >
      <p
        class="MuiTypography-root MuiTypography-h5 css-ag7rrr-MuiTypography-root"
      >
        670 $
      </p>
      <button
        class="MuiButton-root MuiButton-contained MuiButton-containedPrimary MuiButton-sizeMedium MuiButton-containedSizeMedium MuiButtonBase-root button css-1758frj-MuiButtonBase-root-MuiButton-root"
        tabindex="0"
        type="button"
      >
        <span>
          + ADD TO CART
        </span>
        <span
          class="MuiTouchRipple-root css-8je8zh-MuiTouchRipple-root"
        />
      </button>
    </div>
  </div>
</DocumentFragment>
`;
