// Jest Snapshot v1, https://goo.gl/fbAQLP

exports[`NotFoundPage component renders a valid snapshot 1`] = `
<DocumentFragment>
  <div
    class="container"
  >
    <svg
      class="svgIcon"
    >
      NotFoundPageLogo.svg
    </svg>
    <p
      class="title"
    >
      oooops! we couldn't find this page
    </p>
    <p
      class="helperText"
    >
      Sorry for inconvenience
    </p>
  </div>
</DocumentFragment>
`;
