// Jest Snapshot v1, https://goo.gl/fbAQLP

exports[`CardShapeToggle component should render a valid snapshots renders a valid snapshot 1`] = `
<DocumentFragment>
  <div
    aria-label="card shape"
    class="MuiToggleButtonGroup-root css-1gjgmky-MuiToggleButtonGroup-root"
    role="group"
  >
    <button
      aria-label="list"
      aria-pressed="true"
      class="MuiButtonBase-root MuiToggleButton-root Mui-selected MuiToggleButton-sizeMedium MuiToggleButton-standard MuiToggleButtonGroup-grouped MuiToggleButtonGroup-groupedHorizontal css-ueukts-MuiButtonBase-root-MuiToggleButton-root"
      tabindex="0"
      type="button"
      value="list"
    >
      <svg
        aria-hidden="true"
        class="MuiSvgIcon-root MuiSvgIcon-colorPrimary MuiSvgIcon-fontSizeMedium css-ci5apu-MuiSvgIcon-root"
        data-testid="ViewListIcon"
        focusable="false"
        viewBox="0 0 24 24"
      >
        <path
          d="M3 14h4v-4H3v4zm0 5h4v-4H3v4zM3 9h4V5H3v4zm5 5h13v-4H8v4zm0 5h13v-4H8v4zM8 5v4h13V5H8z"
        />
      </svg>
      <span
        class="MuiTouchRipple-root css-8je8zh-MuiTouchRipple-root"
      />
    </button>
    <button
      aria-label="module"
      aria-pressed="false"
      class="MuiButtonBase-root MuiToggleButton-root MuiToggleButton-sizeMedium MuiToggleButton-standard MuiToggleButtonGroup-grouped MuiToggleButtonGroup-groupedHorizontal css-ueukts-MuiButtonBase-root-MuiToggleButton-root"
      tabindex="0"
      type="button"
      value="module"
    >
      <svg
        aria-hidden="true"
        class="MuiSvgIcon-root MuiSvgIcon-colorPrimary MuiSvgIcon-fontSizeMedium css-ci5apu-MuiSvgIcon-root"
        data-testid="ViewModuleIcon"
        focusable="false"
        viewBox="0 0 24 24"
      >
        <path
          d="M14.67 5v6.5H9.33V5h5.34zm1 6.5H21V5h-5.33v6.5zm-1 7.5v-6.5H9.33V19h5.34zm1-6.5V19H21v-6.5h-5.33zm-7.34 0H3V19h5.33v-6.5zm0-1V5H3v6.5h5.33z"
        />
      </svg>
      <span
        class="MuiTouchRipple-root css-8je8zh-MuiTouchRipple-root"
      />
    </button>
  </div>
</DocumentFragment>
`;
