// Jest Snapshot v1, https://goo.gl/fbAQLP

exports[`FilesList component renders component with data 1`] = `
<DocumentFragment>
  <div
    class="list MuiBox-root css-0"
  >
    <div
      class="MuiTypography-root MuiTypography-h6 title css-2ulfj5-MuiTypography-root"
    >
      Selected images:
    </div>
    <ul
      class="MuiList-root MuiList-padding css-h4y409-MuiList-root"
    >
      <li
        class="MuiListItem-root MuiListItem-gutters MuiListItem-padding css-1rki8sg-MuiListItem-root"
        data-testid="imgItem"
      >
        <button
          class="MuiButton-root MuiButton-text MuiButton-textPrimary MuiButton-sizeMedium MuiButton-textSizeMedium MuiButton-fullWidth MuiButtonBase-root btn css-10vjzfb-MuiButtonBase-root-MuiButton-root"
          tabindex="0"
          type="button"
        >
          <div
            class="MuiListItemAvatar-root previewWrapper css-1e9lk82-MuiListItemAvatar-root"
          >
            <img
              alt="unCropped.png"
              class="preview"
            />
          </div>
          <div
            class="MuiListItemText-root css-tlelie-MuiListItemText-root"
          >
            <span
              class="MuiTypography-root MuiTypography-body1 MuiListItemText-primary css-10hburv-MuiTypography-root"
            >
              unCropped.png - 0KB
            </span>
          </div>
          <span
            class="MuiTouchRipple-root css-8je8zh-MuiTouchRipple-root"
          />
        </button>
        <div
          class="MuiListItemSecondaryAction-root css-518kzi-MuiListItemSecondaryAction-root"
        >
          <button
            aria-label="delete"
            class="MuiButtonBase-root MuiIconButton-root MuiIconButton-edgeEnd MuiIconButton-sizeMedium css-1yq5fb3-MuiButtonBase-root-MuiIconButton-root"
            data-testid="delete"
            tabindex="0"
            type="button"
          >
            <svg
              aria-hidden="true"
              class="MuiSvgIcon-root MuiSvgIcon-fontSizeMedium css-i4bv87-MuiSvgIcon-root"
              data-testid="DeleteIcon"
              focusable="false"
              viewBox="0 0 24 24"
            >
              <path
                d="M6 19c0 1.1.9 2 2 2h8c1.1 0 2-.9 2-2V7H6v12zM19 4h-3.5l-1-1h-5l-1 1H5v2h14V4z"
              />
            </svg>
            <span
              class="MuiTouchRipple-root css-8je8zh-MuiTouchRipple-root"
            />
          </button>
        </div>
      </li>
    </ul>
  </div>
</DocumentFragment>
`;

exports[`FilesList component renders empty component without data 1`] = `<DocumentFragment />`;
