// Jest Snapshot v1, https://goo.gl/fbAQLP

exports[`CartFooter component Snapshot without data renders a valid snapshot without cart in store 1`] = `
<DocumentFragment>
  <div
    class="footer"
  >
    <div
      class="priceBox css-nen11g-MuiStack-root"
    >
      <div
        class="totalPrice css-m69qwo-MuiStack-root"
        data-testid="totalPrice"
      >
        <p>
          Total: 
        </p>
        <p>
          0 $
        </p>
      </div>
    </div>
    <a
      class="link white uppercase"
      href="/checkout"
      style="opacity: 1;"
    >
      <button
        class="MuiButton-root MuiButton-contained MuiButton-containedPrimary MuiButton-sizeMedium MuiButton-containedSizeMedium MuiButtonBase-root Mui-disabled  css-sghohy-MuiButtonBase-root-MuiButton-root"
        disabled=""
        tabindex="-1"
        type="button"
      >
        Buy now
      </button>
    </a>
  </div>
  <div
    class="Toastify"
  />
</DocumentFragment>
`;
