// Jest Snapshot v1, https://goo.gl/fbAQLP

exports[`ProfileHeader component snapshots renders a valid snapshot 1`] = `
<DocumentFragment>
  <div
    class="breadcrumbs"
    role="presentation"
  >
    <nav
      aria-label="breadcrumb"
      class="MuiTypography-root MuiTypography-body1 MuiBreadcrumbs-root css-63vwl1-MuiTypography-root-MuiBreadcrumbs-root"
    >
      <ol
        class="MuiBreadcrumbs-ol css-4pdmu4-MuiBreadcrumbs-ol"
      >
        <li
          class="MuiBreadcrumbs-li"
        >
          <a
            class="breadcrumb"
            href="/"
          >
            Home
          </a>
        </li>
        <li
          aria-hidden="true"
          class="MuiBreadcrumbs-separator css-1wuw8dw-MuiBreadcrumbs-separator"
        >
          /
        </li>
        <li
          class="MuiBreadcrumbs-li"
        >
          <a
            class="breadcrumb"
            href="/users"
          >
            Users
          </a>
        </li>
        <li
          aria-hidden="true"
          class="MuiBreadcrumbs-separator css-1wuw8dw-MuiBreadcrumbs-separator"
        >
          /
        </li>
        <li
          class="MuiBreadcrumbs-li"
        >
          <a
            class="breadcrumb"
            href="/users/1"
          >
            John Smith
          </a>
        </li>
      </ol>
    </nav>
  </div>
  <div
    class="header"
  >
    <h2
      class="header"
      data-testid="title"
    >
      Profile of John Smith
    </h2>
  </div>
</DocumentFragment>
`;
