// Jest Snapshot v1, https://goo.gl/fbAQLP

exports[`MobileNavigation component snapshots renders a valid snapshot 1`] = `
<DocumentFragment>
  <ul
    class="container"
    data-testid="header-mobile-navigation"
  >
    <li
      class="item active"
      role="tab"
      tabindex="0"
    >
      <a
        href="/"
      >
        HOME
      </a>
    </li>
    <li
      class="item"
      role="tab"
      tabindex="0"
    >
      <a
        href="/products"
      >
        PRODUCTS
      </a>
    </li>
  </ul>
  <div
    class="Toastify"
  />
</DocumentFragment>
`;
